#-----------------------------------------------------------
# Vivado v2021.1 (64-bit)
# SW Build 3247384 on Thu Jun 10 19:36:07 MDT 2021
# IP Build 3246043 on Fri Jun 11 00:30:35 MDT 2021
# Start of session at: Tue Aug 24 14:02:06 2021
# Process ID: 316151
# Current directory: /home/adg/GitHub/verilog_test
# Command line: vivado
# Log file: /home/adg/GitHub/verilog_test/vivado.log
# Journal file: /home/adg/GitHub/verilog_test/vivado.jou
#-----------------------------------------------------------
start_gui
open_project /home/adg/GitHub/verilog_test/project_1/project_1.xpr
update_compile_order -fileset sources_1
launch_simulation
open_wave_config /home/adg/GitHub/verilog_test/project_1/tb_top_behav.wcfg
source tb_top.tcl
relaunch_sim
relaunch_sim
relaunch_sim
save_wave_config {/home/adg/GitHub/verilog_test/project_1/tb_top_behav.wcfg}
relaunch_sim
relaunch_sim
save_wave_config {/home/adg/GitHub/verilog_test/project_1/tb_top_behav.wcfg}
relaunch_sim
relaunch_sim
relaunch_sim
save_wave_config {/home/adg/GitHub/verilog_test/project_1/tb_top_behav.wcfg}
close_sim
launch_simulation
open_wave_config /home/adg/GitHub/verilog_test/project_1/tb_top_behav.wcfg
source tb_top.tcl
relaunch_sim
relaunch_sim
relaunch_sim
relaunch_sim
relaunch_sim
relaunch_sim
relaunch_sim
relaunch_sim
relaunch_sim
relaunch_sim
relaunch_sim
save_wave_config {/home/adg/GitHub/verilog_test/project_1/tb_top_behav.wcfg}
save_wave_config {/home/adg/GitHub/verilog_test/project_1/tb_top_behav.wcfg}
relaunch_sim
relaunch_sim
relaunch_sim
relaunch_sim
relaunch_sim
relaunch_sim
